// Vitest Snapshot v1, https://vitest.dev/guide/snapshot.html

exports[`AppUpdated > Renders if there is an update 1`] = `
<DocumentFragment>
  <div
    class="bar"
  >
    <div
      class="indicator"
    >
      Thereâ€™s an update for OncoHelp! 
      <a
        aria-disabled="false"
        class="refresh"
        role="button"
        tabindex="0"
      >
        Refresh the page
      </a>
       when you are ready.
    </div>
  </div>
</DocumentFragment>
`;
